// Jest Snapshot v1, https://goo.gl/fbAQLP

exports[`Dashboard will display the vote counts by clicking either of the vote buttons. 1`] = `
Object {
  "asFragment": [Function],
  "baseElement": <body>
    <div>
      <div
        class="container dashboard-container"
      >
        <div
          class="container dashboard-container"
        >
          <div
            class="container-row tab-container"
          >
            <div
              class="tab-button tab-button-selected"
              tabindex="0"
            >
              Unanswered Questions
            </div>
            <div
              class="tab-button "
              tabindex="1"
            >
              Answered Questions
            </div>
          </div>
          <div
            class="container-row-start question-layout-container negative-top-margin"
          >
            <div
              class="question-card-container"
            >
              <div
                class="question-card-name"
              >
                sarahedo
              </div>
              <div
                class="question-card-timestamp"
              >
                10:21 PM | 6/28/2016
              </div>
              <button
                class="question-card-show-btn"
              >
                Show
              </button>
            </div>
            <div
              class="question-card-container"
            >
              <div
                class="question-card-name"
              >
                mtsamis
              </div>
              <div
                class="question-card-timestamp"
              >
                3:02 AM | 7/14/2016
              </div>
              <button
                class="question-card-show-btn"
              >
                Show
              </button>
            </div>
            <div
              class="question-card-container"
            >
              <div
                class="question-card-name"
              >
                sarahedo
              </div>
              <div
                class="question-card-timestamp"
              >
                5:22 PM | 3/3/2017
              </div>
              <button
                class="question-card-show-btn"
              >
                Show
              </button>
            </div>
            <div
              class="question-card-container"
            >
              <div
                class="question-card-name"
              >
                tylermcginnis
              </div>
              <div
                class="question-card-timestamp"
              >
                6:42 AM | 12/24/2016
              </div>
              <button
                class="question-card-show-btn"
              >
                Show
              </button>
            </div>
            <div
              class="question-card-container"
            >
              <div
                class="question-card-name"
              >
                tylermcginnis
              </div>
              <div
                class="question-card-timestamp"
              >
                8:09 AM | 3/15/2017
              </div>
              <button
                class="question-card-show-btn"
              >
                Show
              </button>
            </div>
          </div>
        </div>
      </div>
    </div>
  </body>,
  "container": <div>
    <div
      class="container dashboard-container"
    >
      <div
        class="container dashboard-container"
      >
        <div
          class="container-row tab-container"
        >
          <div
            class="tab-button tab-button-selected"
            tabindex="0"
          >
            Unanswered Questions
          </div>
          <div
            class="tab-button "
            tabindex="1"
          >
            Answered Questions
          </div>
        </div>
        <div
          class="container-row-start question-layout-container negative-top-margin"
        >
          <div
            class="question-card-container"
          >
            <div
              class="question-card-name"
            >
              sarahedo
            </div>
            <div
              class="question-card-timestamp"
            >
              10:21 PM | 6/28/2016
            </div>
            <button
              class="question-card-show-btn"
            >
              Show
            </button>
          </div>
          <div
            class="question-card-container"
          >
            <div
              class="question-card-name"
            >
              mtsamis
            </div>
            <div
              class="question-card-timestamp"
            >
              3:02 AM | 7/14/2016
            </div>
            <button
              class="question-card-show-btn"
            >
              Show
            </button>
          </div>
          <div
            class="question-card-container"
          >
            <div
              class="question-card-name"
            >
              sarahedo
            </div>
            <div
              class="question-card-timestamp"
            >
              5:22 PM | 3/3/2017
            </div>
            <button
              class="question-card-show-btn"
            >
              Show
            </button>
          </div>
          <div
            class="question-card-container"
          >
            <div
              class="question-card-name"
            >
              tylermcginnis
            </div>
            <div
              class="question-card-timestamp"
            >
              6:42 AM | 12/24/2016
            </div>
            <button
              class="question-card-show-btn"
            >
              Show
            </button>
          </div>
          <div
            class="question-card-container"
          >
            <div
              class="question-card-name"
            >
              tylermcginnis
            </div>
            <div
              class="question-card-timestamp"
            >
              8:09 AM | 3/15/2017
            </div>
            <button
              class="question-card-show-btn"
            >
              Show
            </button>
          </div>
        </div>
      </div>
    </div>
  </div>,
  "debug": [Function],
  "findAllByAltText": [Function],
  "findAllByDisplayValue": [Function],
  "findAllByLabelText": [Function],
  "findAllByPlaceholderText": [Function],
  "findAllByRole": [Function],
  "findAllByTestId": [Function],
  "findAllByText": [Function],
  "findAllByTitle": [Function],
  "findByAltText": [Function],
  "findByDisplayValue": [Function],
  "findByLabelText": [Function],
  "findByPlaceholderText": [Function],
  "findByRole": [Function],
  "findByTestId": [Function],
  "findByText": [Function],
  "findByTitle": [Function],
  "getAllByAltText": [Function],
  "getAllByDisplayValue": [Function],
  "getAllByLabelText": [Function],
  "getAllByPlaceholderText": [Function],
  "getAllByRole": [Function],
  "getAllByTestId": [Function],
  "getAllByText": [Function],
  "getAllByTitle": [Function],
  "getByAltText": [Function],
  "getByDisplayValue": [Function],
  "getByLabelText": [Function],
  "getByPlaceholderText": [Function],
  "getByRole": [Function],
  "getByTestId": [Function],
  "getByText": [Function],
  "getByTitle": [Function],
  "queryAllByAltText": [Function],
  "queryAllByDisplayValue": [Function],
  "queryAllByLabelText": [Function],
  "queryAllByPlaceholderText": [Function],
  "queryAllByRole": [Function],
  "queryAllByTestId": [Function],
  "queryAllByText": [Function],
  "queryAllByTitle": [Function],
  "queryByAltText": [Function],
  "queryByDisplayValue": [Function],
  "queryByLabelText": [Function],
  "queryByPlaceholderText": [Function],
  "queryByRole": [Function],
  "queryByTestId": [Function],
  "queryByText": [Function],
  "queryByTitle": [Function],
  "rerender": [Function],
  "unmount": [Function],
}
`;
